{"level":"info","message":"🚀 Server running on port 3000 in development mode","timestamp":"2026-01-03T10:37:00.037Z"}
{"level":"info","message":"📡 WebSocket server ready","timestamp":"2026-01-03T10:37:00.042Z"}
{"level":"info","message":"🔗 API: http://localhost:3000/api/v1","timestamp":"2026-01-03T10:37:00.042Z"}
{"level":"info","message":"💚 Health: http://localhost:3000/health","timestamp":"2026-01-03T10:37:00.043Z"}
{"level":"info","message":"Redis connected","timestamp":"2026-01-03T10:37:00.055Z"}
{"level":"info","message":"SIGINT received, shutting down gracefully","timestamp":"2026-01-03T10:38:38.685Z"}
{"level":"info","message":"🚀 Server running on port 3000 in development mode","timestamp":"2026-01-03T10:38:41.390Z"}
{"level":"info","message":"📡 WebSocket server ready","timestamp":"2026-01-03T10:38:41.394Z"}
{"level":"info","message":"🔗 API: http://localhost:3000/api/v1","timestamp":"2026-01-03T10:38:41.394Z"}
{"level":"info","message":"💚 Health: http://localhost:3000/health","timestamp":"2026-01-03T10:38:41.395Z"}
{"level":"info","message":"Redis connected","timestamp":"2026-01-03T10:38:41.401Z"}
{"level":"info","message":"🚀 Server running on port 3000 in development mode","timestamp":"2026-01-03T10:39:13.293Z"}
{"level":"info","message":"📡 WebSocket server ready","timestamp":"2026-01-03T10:39:13.297Z"}
{"level":"info","message":"🔗 API: http://localhost:3000/api/v1","timestamp":"2026-01-03T10:39:13.298Z"}
{"level":"info","message":"💚 Health: http://localhost:3000/health","timestamp":"2026-01-03T10:39:13.298Z"}
{"level":"info","message":"Redis connected","timestamp":"2026-01-03T10:39:13.304Z"}
{"level":"info","message":"🚀 Server running on port 3000 in development mode","timestamp":"2026-01-03T10:39:30.434Z"}
{"level":"info","message":"📡 WebSocket server ready","timestamp":"2026-01-03T10:39:30.440Z"}
{"level":"info","message":"🔗 API: http://localhost:3000/api/v1","timestamp":"2026-01-03T10:39:30.442Z"}
{"level":"info","message":"💚 Health: http://localhost:3000/health","timestamp":"2026-01-03T10:39:30.442Z"}
{"level":"info","message":"Redis connected","timestamp":"2026-01-03T10:39:30.452Z"}
{"level":"info","message":"🚀 Server running on port 3000 in development mode","timestamp":"2026-01-03T10:39:36.333Z"}
{"level":"info","message":"📡 WebSocket server ready","timestamp":"2026-01-03T10:39:36.337Z"}
{"level":"info","message":"🔗 API: http://localhost:3000/api/v1","timestamp":"2026-01-03T10:39:36.338Z"}
{"level":"info","message":"💚 Health: http://localhost:3000/health","timestamp":"2026-01-03T10:39:36.338Z"}
{"level":"info","message":"Redis connected","timestamp":"2026-01-03T10:39:36.346Z"}
{"level":"info","message":"🚀 Server running on port 3000 in development mode","timestamp":"2026-01-03T10:39:56.438Z"}
{"level":"info","message":"📡 WebSocket server ready","timestamp":"2026-01-03T10:39:56.444Z"}
{"level":"info","message":"🔗 API: http://localhost:3000/api/v1","timestamp":"2026-01-03T10:39:56.445Z"}
{"level":"info","message":"💚 Health: http://localhost:3000/health","timestamp":"2026-01-03T10:39:56.446Z"}
{"level":"info","message":"Redis connected","timestamp":"2026-01-03T10:39:56.456Z"}
{"level":"info","message":"🚀 Server running on port 3000 in development mode","timestamp":"2026-01-03T10:39:59.800Z"}
{"level":"info","message":"📡 WebSocket server ready","timestamp":"2026-01-03T10:39:59.809Z"}
{"level":"info","message":"🔗 API: http://localhost:3000/api/v1","timestamp":"2026-01-03T10:39:59.813Z"}
{"level":"info","message":"💚 Health: http://localhost:3000/health","timestamp":"2026-01-03T10:39:59.814Z"}
{"level":"info","message":"Redis connected","timestamp":"2026-01-03T10:39:59.837Z"}
{"level":"info","message":"🚀 Server running on port 3000 in development mode","timestamp":"2026-01-03T10:40:02.769Z"}
{"level":"info","message":"📡 WebSocket server ready","timestamp":"2026-01-03T10:40:02.783Z"}
{"level":"info","message":"🔗 API: http://localhost:3000/api/v1","timestamp":"2026-01-03T10:40:02.787Z"}
{"level":"info","message":"💚 Health: http://localhost:3000/health","timestamp":"2026-01-03T10:40:02.788Z"}
{"level":"info","message":"Redis connected","timestamp":"2026-01-03T10:40:02.817Z"}
{"level":"info","message":"🚀 Server running on port 3000 in development mode","timestamp":"2026-01-03T10:40:05.594Z"}
{"level":"info","message":"📡 WebSocket server ready","timestamp":"2026-01-03T10:40:05.602Z"}
{"level":"info","message":"🔗 API: http://localhost:3000/api/v1","timestamp":"2026-01-03T10:40:05.604Z"}
{"level":"info","message":"💚 Health: http://localhost:3000/health","timestamp":"2026-01-03T10:40:05.604Z"}
{"level":"info","message":"Redis connected","timestamp":"2026-01-03T10:40:05.624Z"}
{"level":"info","message":"🚀 Server running on port 3000 in development mode","timestamp":"2026-01-03T10:40:08.680Z"}
{"level":"info","message":"📡 WebSocket server ready","timestamp":"2026-01-03T10:40:08.689Z"}
{"level":"info","message":"🔗 API: http://localhost:3000/api/v1","timestamp":"2026-01-03T10:40:08.691Z"}
{"level":"info","message":"💚 Health: http://localhost:3000/health","timestamp":"2026-01-03T10:40:08.692Z"}
{"level":"info","message":"Redis connected","timestamp":"2026-01-03T10:40:08.721Z"}
{"level":"info","message":"🚀 Server running on port 3000 in development mode","timestamp":"2026-01-03T10:40:11.625Z"}
{"level":"info","message":"📡 WebSocket server ready","timestamp":"2026-01-03T10:40:11.631Z"}
{"level":"info","message":"🔗 API: http://localhost:3000/api/v1","timestamp":"2026-01-03T10:40:11.632Z"}
{"level":"info","message":"💚 Health: http://localhost:3000/health","timestamp":"2026-01-03T10:40:11.634Z"}
{"level":"info","message":"Redis connected","timestamp":"2026-01-03T10:40:11.647Z"}
{"level":"info","message":"🚀 Server running on port 3000 in development mode","timestamp":"2026-01-03T10:40:14.068Z"}
{"level":"info","message":"📡 WebSocket server ready","timestamp":"2026-01-03T10:40:14.073Z"}
{"level":"info","message":"🔗 API: http://localhost:3000/api/v1","timestamp":"2026-01-03T10:40:14.074Z"}
{"level":"info","message":"💚 Health: http://localhost:3000/health","timestamp":"2026-01-03T10:40:14.074Z"}
{"level":"info","message":"Redis connected","timestamp":"2026-01-03T10:40:14.083Z"}
{"level":"info","message":"🚀 Server running on port 3000 in development mode","timestamp":"2026-01-03T10:40:17.427Z"}
{"level":"info","message":"📡 WebSocket server ready","timestamp":"2026-01-03T10:40:17.438Z"}
{"level":"info","message":"🔗 API: http://localhost:3000/api/v1","timestamp":"2026-01-03T10:40:17.439Z"}
{"level":"info","message":"💚 Health: http://localhost:3000/health","timestamp":"2026-01-03T10:40:17.439Z"}
{"level":"info","message":"Redis connected","timestamp":"2026-01-03T10:40:17.450Z"}
{"level":"info","message":"🚀 Server running on port 3000 in development mode","timestamp":"2026-01-03T10:40:20.005Z"}
{"level":"info","message":"📡 WebSocket server ready","timestamp":"2026-01-03T10:40:20.011Z"}
{"level":"info","message":"🔗 API: http://localhost:3000/api/v1","timestamp":"2026-01-03T10:40:20.012Z"}
{"level":"info","message":"💚 Health: http://localhost:3000/health","timestamp":"2026-01-03T10:40:20.013Z"}
{"level":"info","message":"Redis connected","timestamp":"2026-01-03T10:40:20.023Z"}
{"level":"info","message":"🚀 Server running on port 3000 in development mode","timestamp":"2026-01-03T10:40:24.934Z"}
{"level":"info","message":"📡 WebSocket server ready","timestamp":"2026-01-03T10:40:24.938Z"}
{"level":"info","message":"🔗 API: http://localhost:3000/api/v1","timestamp":"2026-01-03T10:40:24.939Z"}
{"level":"info","message":"💚 Health: http://localhost:3000/health","timestamp":"2026-01-03T10:40:24.940Z"}
{"level":"info","message":"Redis connected","timestamp":"2026-01-03T10:40:24.950Z"}
{"level":"info","message":"🚀 Server running on port 3000 in development mode","timestamp":"2026-01-03T10:40:28.289Z"}
{"level":"info","message":"📡 WebSocket server ready","timestamp":"2026-01-03T10:40:28.299Z"}
{"level":"info","message":"🔗 API: http://localhost:3000/api/v1","timestamp":"2026-01-03T10:40:28.300Z"}
{"level":"info","message":"💚 Health: http://localhost:3000/health","timestamp":"2026-01-03T10:40:28.301Z"}
{"level":"info","message":"Redis connected","timestamp":"2026-01-03T10:40:28.319Z"}
{"level":"info","message":"🚀 Server running on port 3000 in development mode","timestamp":"2026-01-03T10:40:39.207Z"}
{"level":"info","message":"📡 WebSocket server ready","timestamp":"2026-01-03T10:40:39.212Z"}
{"level":"info","message":"🔗 API: http://localhost:3000/api/v1","timestamp":"2026-01-03T10:40:39.213Z"}
{"level":"info","message":"💚 Health: http://localhost:3000/health","timestamp":"2026-01-03T10:40:39.213Z"}
{"level":"info","message":"Redis connected","timestamp":"2026-01-03T10:40:39.221Z"}
{"level":"info","message":"🚀 Server running on port 3000 in development mode","timestamp":"2026-01-03T11:55:50.291Z"}
{"level":"info","message":"📡 WebSocket server ready","timestamp":"2026-01-03T11:55:50.294Z"}
{"level":"info","message":"🔗 API: http://localhost:3000/api/v1","timestamp":"2026-01-03T11:55:50.294Z"}
{"level":"info","message":"💚 Health: http://localhost:3000/health","timestamp":"2026-01-03T11:55:50.295Z"}
{"level":"info","message":"Redis connected","timestamp":"2026-01-03T11:55:50.302Z"}
{"level":"info","message":"🚀 Server running on port 3000 in development mode","timestamp":"2026-01-03T11:57:09.154Z"}
{"level":"info","message":"📡 WebSocket server ready","timestamp":"2026-01-03T11:57:09.157Z"}
{"level":"info","message":"🔗 API: http://localhost:3000/api/v1","timestamp":"2026-01-03T11:57:09.158Z"}
{"level":"info","message":"💚 Health: http://localhost:3000/health","timestamp":"2026-01-03T11:57:09.158Z"}
{"level":"info","message":"Redis connected","timestamp":"2026-01-03T11:57:09.166Z"}
{"level":"info","message":"🚀 Server running on port 3000 in development mode","timestamp":"2026-01-03T11:57:15.152Z"}
{"level":"info","message":"📡 WebSocket server ready","timestamp":"2026-01-03T11:57:15.156Z"}
{"level":"info","message":"🔗 API: http://localhost:3000/api/v1","timestamp":"2026-01-03T11:57:15.156Z"}
{"level":"info","message":"💚 Health: http://localhost:3000/health","timestamp":"2026-01-03T11:57:15.157Z"}
{"level":"info","message":"Redis connected","timestamp":"2026-01-03T11:57:15.166Z"}
{"level":"info","message":"🚀 Server running on port 3000 in development mode","timestamp":"2026-01-03T12:06:16.562Z"}
{"level":"info","message":"📡 WebSocket server ready","timestamp":"2026-01-03T12:06:16.567Z"}
{"level":"info","message":"🔗 API: http://localhost:3000/api/v1","timestamp":"2026-01-03T12:06:16.568Z"}
{"level":"info","message":"💚 Health: http://localhost:3000/health","timestamp":"2026-01-03T12:06:16.568Z"}
{"level":"info","message":"Redis connected","timestamp":"2026-01-03T12:06:16.575Z"}
{"level":"info","message":"🚀 Server running on port 3000 in development mode","timestamp":"2026-01-03T12:06:32.281Z"}
{"level":"info","message":"📡 WebSocket server ready","timestamp":"2026-01-03T12:06:32.286Z"}
{"level":"info","message":"🔗 API: http://localhost:3000/api/v1","timestamp":"2026-01-03T12:06:32.287Z"}
{"level":"info","message":"💚 Health: http://localhost:3000/health","timestamp":"2026-01-03T12:06:32.287Z"}
{"level":"info","message":"Redis connected","timestamp":"2026-01-03T12:06:32.294Z"}
{"level":"info","message":"🚀 Server running on port 3000 in development mode","timestamp":"2026-01-03T12:06:42.041Z"}
{"level":"info","message":"📡 WebSocket server ready","timestamp":"2026-01-03T12:06:42.045Z"}
{"level":"info","message":"🔗 API: http://localhost:3000/api/v1","timestamp":"2026-01-03T12:06:42.045Z"}
{"level":"info","message":"💚 Health: http://localhost:3000/health","timestamp":"2026-01-03T12:06:42.045Z"}
{"level":"info","message":"Redis connected","timestamp":"2026-01-03T12:06:42.052Z"}
{"level":"info","message":"🚀 Server running on port 3000 in development mode","timestamp":"2026-01-03T12:06:54.474Z"}
{"level":"info","message":"📡 WebSocket server ready","timestamp":"2026-01-03T12:06:54.477Z"}
{"level":"info","message":"🔗 API: http://localhost:3000/api/v1","timestamp":"2026-01-03T12:06:54.478Z"}
{"level":"info","message":"💚 Health: http://localhost:3000/health","timestamp":"2026-01-03T12:06:54.478Z"}
{"level":"info","message":"Redis connected","timestamp":"2026-01-03T12:06:54.485Z"}
{"level":"info","message":"🚀 Server running on port 3000 in development mode","timestamp":"2026-01-03T12:07:10.959Z"}
{"level":"info","message":"📡 WebSocket server ready","timestamp":"2026-01-03T12:07:10.962Z"}
{"level":"info","message":"🔗 API: http://localhost:3000/api/v1","timestamp":"2026-01-03T12:07:10.963Z"}
{"level":"info","message":"💚 Health: http://localhost:3000/health","timestamp":"2026-01-03T12:07:10.963Z"}
{"level":"info","message":"Redis connected","timestamp":"2026-01-03T12:07:10.970Z"}
{"level":"info","message":"🚀 Server running on port 3000 in development mode","timestamp":"2026-01-03T12:07:23.833Z"}
{"level":"info","message":"📡 WebSocket server ready","timestamp":"2026-01-03T12:07:23.836Z"}
{"level":"info","message":"🔗 API: http://localhost:3000/api/v1","timestamp":"2026-01-03T12:07:23.836Z"}
{"level":"info","message":"💚 Health: http://localhost:3000/health","timestamp":"2026-01-03T12:07:23.837Z"}
{"level":"info","message":"Redis connected","timestamp":"2026-01-03T12:07:23.843Z"}
